[preview.colorlib.com/theme/realestate2/index.html]
[backblue.gif]
[fade.gif]
[index.html]
[preview.colorlib.com/theme/realestate2/img/xfavicon.png.pagespeed.ic.xjuSQ5i6l5.png]
[preview.colorlib.com/theme/realestate2/css/bootstrap.min.css+owl.carousel.min.css+magnific-popup.css+font-awesome.min.css+themify-icons.css+nice-select.css+flaticon.css+gijgo.css+animate.css+slick.css+slick]
[preview.colorlib.com/theme/realestate2/css/A.style.css.pagespeed.cf.D2wU09WNeF.css]
[preview.colorlib.com/theme/realestate2/index-2.html]
[preview.colorlib.com/theme/realestate2/img/xlogo.png.pagespeed.ic.hXTMaikPcR.png]
[preview.colorlib.com/theme/realestate2/about.html]
[preview.colorlib.com/theme/realestate2/property_details.html]
[preview.colorlib.com/theme/realestate2/elements.html]
[preview.colorlib.com/theme/realestate2/Property.html]
[preview.colorlib.com/theme/realestate2/blog.html]
[preview.colorlib.com/theme/realestate2/single-blog.html]
[preview.colorlib.com/theme/realestate2/contact.html]
[preview.colorlib.com/theme/realestate2/img/property/x1.png.pagespeed.ic.JQcp0fxh4B.png]
[preview.colorlib.com/theme/realestate2/img/svg_icon/location.svg]
[preview.colorlib.com/theme/realestate2/img/svg_icon/square.svg]
[preview.colorlib.com/theme/realestate2/img/svg_icon/bed.svg]
[preview.colorlib.com/theme/realestate2/img/svg_icon/bath.svg]
[preview.colorlib.com/theme/realestate2/img/property/x2.png.pagespeed.ic.Hg3IRCIkgE.png]
[preview.colorlib.com/theme/realestate2/img/property/3.png]
[preview.colorlib.com/theme/realestate2/img/property/x4.png.pagespeed.ic.YA2QlOgN90.png]
[preview.colorlib.com/theme/realestate2/img/property/x5.png.pagespeed.ic.IM0VtLfx08.png]
[preview.colorlib.com/theme/realestate2/img/property/x6.png.pagespeed.ic.RekR7Ge4b5.png]
[preview.colorlib.com/theme/realestate2/img/banner/xaccordion.png.pagespeed.ic.IWBWhGksgf.png]
[preview.colorlib.com/theme/realestate2/img/svg_icon/quote.svg]
[preview.colorlib.com/theme/realestate2/img/case/xtestmonial.png.pagespeed.ic.a_Ov-WsgqO.png]
[preview.colorlib.com/theme/realestate2/img/team/x1.png.pagespeed.ic.SWNgP4CjOY.png]
[preview.colorlib.com/theme/realestate2/img/team/x2.png.pagespeed.ic.nt0NBOqAQ0.png]
[preview.colorlib.com/theme/realestate2/img/team/x3.png.pagespeed.ic.GSUhHyModm.png]
[preview.colorlib.com/theme/realestate2/img/team/x4.png.pagespeed.ic.mT47CorOWY.png]
[preview.colorlib.com/theme/realestate2/img/xfooter_logo.png.pagespeed.ic.Zh0k8UvArY.png]
[preview.colorlib.com/cdn-cgi/scripts/5c5dd728/cloudflare-static/email-decode.min.js]
[cdnjs.cloudflare.com/ajax/libs/jquery/3.2.1/jquery.min.js]
[codepen.io/assets/common/stopExecutionOnTimeout-de7e2ef6bfefd24b79a3f68b414b87b8db5b08439cac3f1012092b2290c719cd.23.delayed]
[cdnjs.cloudflare.com/ajax/libs/jqueryui/1.12.1/jquery-ui.min.js]
[preview.colorlib.com/theme/realestate2/js/vendor,_modernizr-3.5.0.min.js+popper.min.js+bootstrap.min.js.pagespeed.jc.Njom7XZQCw.js]
[preview.colorlib.com/theme/realestate2/js/owl.carousel.min.js+isotope.pkgd.min.js+ajax-form.js+waypoints.min.js+jquery.counterup.min.js.pagespeed.jc.gNDHCmz6gl.js]
[preview.colorlib.com/theme/realestate2/js/slick.min.js+contact.js+jquery.ajaxchimp.min.js+jquery.form.js.pagespeed.jc.mrghlsPHNj.js]
[preview.colorlib.com/theme/realestate2/js/imagesloaded.pkgd.min.js+scrollIt.js+jquery.scrollUp.min.js+wow.min.js+nice-select.min.js+jquery.slicknav.min.js+jquery.magnific-popup.min.js+plugins.js.pagespeed.j]
[preview.colorlib.com/theme/realestate2/index.html]
[preview.colorlib.com/theme/realestate2/js/jquery.validate.min.js+mail-script.js+main.js.pagespeed.jc.37Tw3ig88D.js]
[preview.colorlib.com/theme/realestate2/css/owl.video.play.png]
[preview.colorlib.com/theme/realestate2/fonts/fontawesome-webfont3e6e.eot]
[preview.colorlib.com/theme/realestate2/fonts/fontawesome-webfontd41d.eot]
[preview.colorlib.com/theme/realestate2/fonts/fontawesome-webfont3e6e.woff2]
[preview.colorlib.com/theme/realestate2/fonts/fontawesome-webfont3e6e.woff]
[preview.colorlib.com/theme/realestate2/fonts/fontawesome-webfont3e6e.svg]
[preview.colorlib.com/theme/realestate2/fonts/fontawesome-webfont3e6e.ttf]
[preview.colorlib.com/theme/realestate2/fonts/themify9f24.eot]
[preview.colorlib.com/theme/realestate2/fonts/themifyd41d.eot]
[preview.colorlib.com/theme/realestate2/fonts/themify9f24.woff]
[preview.colorlib.com/theme/realestate2/fonts/themify9f24.ttf]
[preview.colorlib.com/theme/realestate2/fonts/themify9f24.svg]
[preview.colorlib.com/theme/realestate2/fonts/Flaticon.eot]
[preview.colorlib.com/theme/realestate2/fonts/Flaticond41d.eot]
[preview.colorlib.com/theme/realestate2/fonts/Flaticon.woff2]
[preview.colorlib.com/theme/realestate2/fonts/Flaticon.woff]
[preview.colorlib.com/theme/realestate2/fonts/Flaticon.ttf]
[preview.colorlib.com/theme/realestate2/fonts/Flaticon.svg]
[preview.colorlib.com/theme/realestate2/css/Flaticon.svg]
[preview.colorlib.com/theme/realestate2/fonts/gijgo-materialba15.eot]
[preview.colorlib.com/theme/realestate2/fonts/gijgo-materialba15.ttf]
[preview.colorlib.com/theme/realestate2/fonts/gijgo-materialba15.woff]
[preview.colorlib.com/theme/realestate2/css/bootstrap.min.css+owl.carousel.min.css+magnific-popup.css+font-awesome.min.css+themify-icons.css+nice-select.css+flaticon.css+gijgo.css+animate.css+slick.css+slick]
[preview.colorlib.com/theme/realestate2/fonts/gijgo-materialba15.svg]
[ajax.googleapis.com/ajax/libs/jqueryui/1.11.2/themes/smoothness/images/ui-bg_flat_75_ffffff_40x100.png]
[ajax.googleapis.com/ajax/libs/jqueryui/1.11.2/themes/smoothness/images/ui-bg_highlight-soft_75_cccccc_1x100.png]
[ajax.googleapis.com/ajax/libs/jqueryui/1.11.2/themes/smoothness/images/ui-bg_glass_75_e6e6e6_1x400.png]
[ajax.googleapis.com/ajax/libs/jqueryui/1.11.2/themes/smoothness/images/ui-bg_glass_75_dadada_1x400.png]
[ajax.googleapis.com/ajax/libs/jqueryui/1.11.2/themes/smoothness/images/ui-bg_glass_65_ffffff_1x400.png]
[ajax.googleapis.com/ajax/libs/jqueryui/1.11.2/themes/smoothness/images/ui-bg_glass_55_fbf9ee_1x400.png]
[ajax.googleapis.com/ajax/libs/jqueryui/1.11.2/themes/smoothness/images/ui-bg_glass_95_fef1ec_1x400.png]
[ajax.googleapis.com/ajax/libs/jqueryui/1.11.2/themes/smoothness/images/ui-icons_222222_256x240.png]
[ajax.googleapis.com/ajax/libs/jqueryui/1.11.2/themes/smoothness/images/ui-icons_888888_256x240.png]
[ajax.googleapis.com/ajax/libs/jqueryui/1.11.2/themes/smoothness/images/ui-icons_454545_256x240.png]
[ajax.googleapis.com/ajax/libs/jqueryui/1.11.2/themes/smoothness/images/ui-icons_2e83ff_256x240.png]
[ajax.googleapis.com/ajax/libs/jqueryui/1.11.2/themes/smoothness/images/ui-icons_cd0a0a_256x240.png]
[ajax.googleapis.com/ajax/libs/jqueryui/1.11.2/themes/smoothness/images/ui-bg_flat_0_aaaaaa_40x100.png]
[ajax.googleapis.com/ajax/libs/jqueryui/1.11.2/themes/smoothness/jquery-ui.css]
[preview.colorlib.com/theme/realestate2/css/A.style.css.pagespeed.cf.D2wU09WNeF.css]
[preview.colorlib.com/cdn-cgi/zaraz/sd0d9.js]
[preview.colorlib.com/theme/realestate2/img/property/x3.png.pagespeed.ic.ik8MbOuyLi.jpg]
[preview.colorlib.com/theme/realestate2/index-2.html]
[preview.colorlib.com/theme/realestate2/img/about/about.png]
[preview.colorlib.com/theme/realestate2/css/A.bootstrap.min.css+owl.carousel.min.css+magnific-popup.css+font-awesome.min.css+themify-icons.css+nice-select.css+flaticon.css+gijgo.css+animate.css+slick.css+sli]
[preview.colorlib.com/theme/realestate2/js/vendor/modernizr-3.5.0.min.js]
[preview.colorlib.com/theme/realestate2/js/vendor/jquery-1.12.4.min.js]
[preview.colorlib.com/theme/realestate2/about.html]
[preview.colorlib.com/theme/realestate2/js/popper.min.js+bootstrap.min.js.pagespeed.jc.wHqAtYYe-S.js]
[preview.colorlib.com/theme/realestate2/img/svg_icon/color_box.svg]
[preview.colorlib.com/theme/realestate2/img/svg_icon/color_bed.svg]
[preview.colorlib.com/theme/realestate2/img/svg_icon/color_bath.svg]
[preview.colorlib.com/theme/realestate2/img/banner/property_details.png]
[maps.gstatic.com/mapfiles/api-3/images/google_white5.png]
[preview.colorlib.com/theme/realestate2/property_details.html]
[preview.colorlib.com/theme/realestate2/css/bootstrap.min.css]
[preview.colorlib.com/theme/realestate2/css/owl.carousel.min.css]
[preview.colorlib.com/theme/realestate2/css/magnific-popup.css]
[preview.colorlib.com/theme/realestate2/css/font-awesome.min.css]
[preview.colorlib.com/theme/realestate2/css/themify-icons.css]
[preview.colorlib.com/theme/realestate2/css/nice-select.css]
[preview.colorlib.com/theme/realestate2/css/flaticon.css]
[preview.colorlib.com/theme/realestate2/css/gijgo.css]
[preview.colorlib.com/theme/realestate2/css/animate.css]
[preview.colorlib.com/theme/realestate2/css/slicknav.css]
[preview.colorlib.com/theme/realestate2/css/style.css]
[preview.colorlib.com/theme/realestate2/img/elements/d.jpg]
[preview.colorlib.com/theme/realestate2/img/elements/f1.jpg]
[preview.colorlib.com/theme/realestate2/img/elements/f2.jpg]
[preview.colorlib.com/theme/realestate2/img/elements/f3.jpg]
[preview.colorlib.com/theme/realestate2/img/elements/f4.jpg]
[preview.colorlib.com/theme/realestate2/img/elements/f5.jpg]
[preview.colorlib.com/theme/realestate2/img/elements/f6.jpg]
[preview.colorlib.com/theme/realestate2/img/elements/f7.jpg]
[preview.colorlib.com/theme/realestate2/img/elements/f8.jpg]
[preview.colorlib.com/theme/realestate2/img/elements/g1.jpg]
[preview.colorlib.com/theme/realestate2/img/elements/g2.jpg]
[preview.colorlib.com/theme/realestate2/img/elements/g3.jpg]
[preview.colorlib.com/theme/realestate2/img/elements/g4.jpg]
[preview.colorlib.com/theme/realestate2/img/elements/g5.jpg]
[preview.colorlib.com/theme/realestate2/img/elements/g6.jpg]
[preview.colorlib.com/theme/realestate2/img/elements/g7.jpg]
[preview.colorlib.com/theme/realestate2/img/elements/g8.jpg]
[preview.colorlib.com/theme/realestate2/js/popper.min.js]
[preview.colorlib.com/theme/realestate2/js/bootstrap.min.js]
[preview.colorlib.com/theme/realestate2/js/owl.carousel.min.js]
[preview.colorlib.com/theme/realestate2/js/isotope.pkgd.min.js]
[preview.colorlib.com/theme/realestate2/js/ajax-form.js]
[preview.colorlib.com/theme/realestate2/js/waypoints.min.js]
[preview.colorlib.com/theme/realestate2/js/jquery.counterup.min.js]
[preview.colorlib.com/theme/realestate2/js/imagesloaded.pkgd.min.js]
[preview.colorlib.com/theme/realestate2/js/scrollIt.js]
[preview.colorlib.com/theme/realestate2/js/jquery.scrollUp.min.js]
[preview.colorlib.com/theme/realestate2/js/wow.min.js]
[preview.colorlib.com/theme/realestate2/js/nice-select.min.js]
[preview.colorlib.com/theme/realestate2/js/jquery.slicknav.min.js]
[preview.colorlib.com/theme/realestate2/js/jquery.magnific-popup.min.js]
[preview.colorlib.com/theme/realestate2/js/plugins.js]
[preview.colorlib.com/theme/realestate2/js/gijgo.min.js]
[preview.colorlib.com/theme/realestate2/js/contact.js]
[preview.colorlib.com/theme/realestate2/js/jquery.ajaxchimp.min.js]
[preview.colorlib.com/theme/realestate2/js/jquery.form.js]
[preview.colorlib.com/theme/realestate2/js/jquery.validate.min.js]
[preview.colorlib.com/theme/realestate2/js/mail-script.js]
[preview.colorlib.com/theme/realestate2/elements.html]
[preview.colorlib.com/theme/realestate2/Property.html]
[preview.colorlib.com/theme/realestate2/js/main.js]
[preview.colorlib.com/theme/realestate2/img/blog/single_blog_1.png]
[preview.colorlib.com/theme/realestate2/css/A.bootstrap.min.css+owl.carousel.min.css+magnific-popup.css+font-awesome.min.css+themify-icons.css+nice-select.css+flaticon.css+gijgo.css+animate.css+slicknav.css,]
[preview.colorlib.com/theme/realestate2/img/blog/single_blog_2.png]
[preview.colorlib.com/theme/realestate2/img/blog/single_blog_3.png]
[preview.colorlib.com/theme/realestate2/img/blog/single_blog_4.png]
[preview.colorlib.com/theme/realestate2/img/blog/single_blog_5.png]
[preview.colorlib.com/theme/realestate2/img/post/post_1.png]
[preview.colorlib.com/theme/realestate2/img/post/post_2.png]
[preview.colorlib.com/theme/realestate2/img/post/post_3.png]
[preview.colorlib.com/theme/realestate2/img/post/post_4.png]
[preview.colorlib.com/theme/realestate2/img/post/post_5.png]
[preview.colorlib.com/theme/realestate2/img/post/post_6.png]
[preview.colorlib.com/theme/realestate2/img/post/post_7.png]
[preview.colorlib.com/theme/realestate2/img/post/post_8.png]
[preview.colorlib.com/theme/realestate2/img/post/post_9.png]
[preview.colorlib.com/theme/realestate2/img/post/post_10.png]
[preview.colorlib.com/theme/realestate2/blog.html]
[preview.colorlib.com/theme/realestate2/js/contact.js+jquery.ajaxchimp.min.js+jquery.form.js+jquery.validate.min.js+mail-script.js+main.js.pagespeed.jc.mGvg8AvGDJ.js]
[preview.colorlib.com/theme/realestate2/img/blog/xsingle_blog_1.png.pagespeed.ic.Fwk-gqJS2v.jpg]
[preview.colorlib.com/theme/realestate2/img/post/xpreview.png.pagespeed.ic.k5btB9V1Aa.jpg]
[preview.colorlib.com/theme/realestate2/img/post/xnext.png.pagespeed.ic.o6bzS5c3_p.jpg]
[preview.colorlib.com/theme/realestate2/img/blog/author.png]
[preview.colorlib.com/theme/realestate2/img/comment/comment_1.png]
[preview.colorlib.com/theme/realestate2/img/comment/comment_2.png]
[preview.colorlib.com/theme/realestate2/img/comment/comment_3.png]
[preview.colorlib.com/theme/realestate2/single-blog.html]
[preview.colorlib.com/theme/realestate2/contact.html]
[preview.colorlib.com/theme/realestate2/img/svg_icon/location.svg]
[preview.colorlib.com/theme/realestate2/img/svg_icon/square.svg]
[preview.colorlib.com/theme/realestate2/img/svg_icon/bed.svg]
[preview.colorlib.com/theme/realestate2/img/svg_icon/bath.svg]
[preview.colorlib.com/theme/realestate2/img/svg_icon/quote.svg]
[codepen.io/assets/common/stopExecutionOnTimeout-de7e2ef6bfefd24b79a3f68b414b87b8db5b08439cac3f1012092b2290c719cd.html]
[preview.colorlib.com/theme/realestate2/css/owl.video.play.html]
[preview.colorlib.com/theme/realestate2/fonts/fontawesome-webfont3e6e.svg]
[preview.colorlib.com/theme/realestate2/fonts/themify9f24.svg]
[preview.colorlib.com/theme/realestate2/fonts/Flaticon.svg]
[preview.colorlib.com/theme/realestate2/css/Flaticon.html]
[preview.colorlib.com/theme/realestate2/fonts/gijgo-materialba15.svg]
[preview.colorlib.com/theme/realestate2/css/A.bootstrap.min.css+owl.carousel.min.css+magnific-popup.css+font-awesome.min.css+themify-icons.css+nice-select.css+flaticon.css+gijgo.css+animate.css+slick.css+sli]
[preview.colorlib.com/theme/realestate2/img/svg_icon/color_box.svg]
[preview.colorlib.com/theme/realestate2/img/svg_icon/color_bed.svg]
[preview.colorlib.com/theme/realestate2/img/svg_icon/color_bath.svg]
[preview.colorlib.com/theme/realestate2/css/bootstrap.min.css]
[preview.colorlib.com/theme/realestate2/css/owl.carousel.min.css]
[preview.colorlib.com/theme/realestate2/css/magnific-popup.css]
[preview.colorlib.com/theme/realestate2/css/font-awesome.min.css]
[preview.colorlib.com/theme/realestate2/css/themify-icons.css]
[preview.colorlib.com/theme/realestate2/css/nice-select.css]
[preview.colorlib.com/theme/realestate2/css/flaticon.css]
[preview.colorlib.com/theme/realestate2/css/gijgo.css]
[preview.colorlib.com/theme/realestate2/css/animate.css]
[preview.colorlib.com/theme/realestate2/css/slicknav.css]
[preview.colorlib.com/theme/realestate2/img/banner/banner.png]
[preview.colorlib.com/theme/realestate2/img/banner/property.png]
[preview.colorlib.com/theme/realestate2/img/banner/home_details.png]
[preview.colorlib.com/theme/realestate2/img/banner/testmonial.png]
[preview.colorlib.com/theme/realestate2/img/banner/add_property.png]
[preview.colorlib.com/theme/realestate2/img/banner/bradcam.png]
[preview.colorlib.com/theme/realestate2/img/elements/primary-check.png]
[preview.colorlib.com/theme/realestate2/img/elements/success-check.png]
[preview.colorlib.com/theme/realestate2/img/elements/disabled-check.png]
[preview.colorlib.com/theme/realestate2/img/elements/primary-radio.png]
[preview.colorlib.com/theme/realestate2/img/elements/success-radio.png]
[preview.colorlib.com/theme/realestate2/img/elements/disabled-radio.png]
[preview.colorlib.com/theme/realestate2/css/style.css]
[preview.colorlib.com/theme/realestate2/css/A.bootstrap.min.css+owl.carousel.min.css+magnific-popup.css+font-awesome.min.css+themify-icons.css+nice-select.css+flaticon.css+gijgo.css+animate.css+slicknav.css,]
